Running on Intel GPU (XPU): Intel(R) Arc(TM) Pro B70 Graphics.
Seed set to 2
Checking input data.
Processing 1 inputs with 1 threads.
  0%|          | 0/1 [00:00<?, ?it/s]100%|██████████| 1/1 [00:00<00:00,  1.26it/s]100%|██████████| 1/1 [00:00<00:00,  1.26it/s]
GPU available: False, used: False
TPU available: False, using: 0 TPU cores
<container-work>/venv/lib/python3.12/site-packages/pytorch_lightning/trainer/connectors/logger_connector/logger_connector.py:76: Starting from v1.9.0, `tensorboardX` has been removed as a dependency of the `pytorch_lightning` package, due to potential conflicts with other packages in the ML ecosystem. For this reason, `logger=True` will use `CSVLogger` as the default logger, unless the `tensorboard` or `tensorboardX` packages are found. Please `pip install lightning[extra]` or one of them to enable TensorBoard support by default
💡 Tip: For seamless cloud logging and experiment tracking, try installing [litlogger](https://pypi.org/project/litlogger/) to enable LitLogger, which logs metrics and artifacts automatically to the Lightning Experiments platform.
Running structure prediction for 1 input.
💡 Tip: For seamless cloud uploads and versioning, try installing [litmodels](https://pypi.org/project/litmodels/) to enable LitModelCheckpoint, which syncs automatically with the Lightning model registry.
<container-work>/venv/lib/python3.12/site-packages/pytorch_lightning/utilities/_pytree.py:21: `isinstance(treespec, LeafSpec)` is deprecated, use `isinstance(treespec, TreeSpec) and treespec.is_leaf()` instead.
<container-work>/venv/lib/python3.12/site-packages/pytorch_lightning/trainer/connectors/data_connector.py:434: The 'predict_dataloader' does not have many workers which may be a bottleneck. Consider increasing the value of the `num_workers` argument` to `num_workers=127` in the `DataLoader` to improve performance.
Predicting: |          | 0/? [00:00<?, ?it/s]Predicting: |          | 0/? [00:00<?, ?it/s]Predicting DataLoader 0:   0%|          | 0/1 [00:00<?, ?it/s]<container-work>/boltz-community/src/boltz/model/loss/diffusionv2.py:52: UserWarning: Aten Op fallback from XPU to CPU happends. This may have performance implications. If need debug the fallback ops please set environment variable `PYTORCH_DEBUG_XPU_FALLBACK=1`  (Triggered internally at /__w/pytorch/pytorch/third_party/torch-xpu-ops/src/ATen/native/xpu/XPUFallback.cpp:58.)
  U, S, V = torch.linalg.svd(
Predicting DataLoader 0: 100%|██████████| 1/1 [02:08<00:00,  0.01it/s]Number of failed examples: 0
Predicting DataLoader 0: 100%|██████████| 1/1 [02:08<00:00,  0.01it/s]

Predicting property: affinity

Checking input data for affinity.
Running affinity prediction for 1 affinity target.
<container-work>/venv/lib/python3.12/site-packages/pytorch_lightning/utilities/_pytree.py:21: `isinstance(treespec, LeafSpec)` is deprecated, use `isinstance(treespec, TreeSpec) and treespec.is_leaf()` instead.
<container-work>/venv/lib/python3.12/site-packages/pytorch_lightning/trainer/connectors/data_connector.py:434: The 'predict_dataloader' does not have many workers which may be a bottleneck. Consider increasing the value of the `num_workers` argument` to `num_workers=127` in the `DataLoader` to improve performance.
Predicting: |          | 0/? [00:00<?, ?it/s]Predicting: |          | 0/? [00:00<?, ?it/s]Predicting DataLoader 0:   0%|          | 0/1 [00:00<?, ?it/s]Predicting DataLoader 0: 100%|██████████| 1/1 [00:25<00:00,  0.04it/s]Number of failed examples: 0
Predicting DataLoader 0: 100%|██████████| 1/1 [00:25<00:00,  0.04it/s]
{"input": "<container-work>/exp/targets_pinned/mpro_paxlovid.yaml", "accelerator": "xpu", "precision": "fp32", "seed": 2, "status": "ok", "wall_s": 219.2, "peak_mem_gib": 7.111, "device_name": "Intel(R) Arc(TM) Pro B70 Graphics", "torch": "2.14.0+xpu"}
