Seed set to 3
Checking input data.
Processing 1 inputs with 1 threads.
  0%|          | 0/1 [00:00<?, ?it/s]100%|██████████| 1/1 [00:00<00:00,  1.03it/s]100%|██████████| 1/1 [00:00<00:00,  1.03it/s]
GPU available: True (cuda), used: True
TPU available: False, using: 0 TPU cores
<hq-work>/venv/lib/python3.12/site-packages/pytorch_lightning/trainer/connectors/logger_connector/logger_connector.py:76: Starting from v1.9.0, `tensorboardX` has been removed as a dependency of the `pytorch_lightning` package, due to potential conflicts with other packages in the ML ecosystem. For this reason, `logger=True` will use `CSVLogger` as the default logger, unless the `tensorboard` or `tensorboardX` packages are found. Please `pip install lightning[extra]` or one of them to enable TensorBoard support by default
💡 Tip: For seamless cloud logging and experiment tracking, try installing [litlogger](https://pypi.org/project/litlogger/) to enable LitLogger, which logs metrics and artifacts automatically to the Lightning Experiments platform.
Running structure prediction for 1 input.
💡 Tip: For seamless cloud uploads and versioning, try installing [litmodels](https://pypi.org/project/litmodels/) to enable LitModelCheckpoint, which syncs automatically with the Lightning model registry.
You are using a CUDA device ('NVIDIA GeForce RTX 3060') that has Tensor Cores. To properly utilize them, you should set `torch.set_float32_matmul_precision('medium' | 'high')` which will trade-off precision for performance. For more details, read https://pytorch.org/docs/stable/generated/torch.set_float32_matmul_precision.html#torch.set_float32_matmul_precision
LOCAL_RANK: 0 - CUDA_VISIBLE_DEVICES: [0]
<hq-work>/venv/lib/python3.12/site-packages/pytorch_lightning/utilities/_pytree.py:21: `isinstance(treespec, LeafSpec)` is deprecated, use `isinstance(treespec, TreeSpec) and treespec.is_leaf()` instead.
<hq-work>/venv/lib/python3.12/site-packages/pytorch_lightning/trainer/connectors/data_connector.py:434: The 'predict_dataloader' does not have many workers which may be a bottleneck. Consider increasing the value of the `num_workers` argument` to `num_workers=63` in the `DataLoader` to improve performance.
Predicting: |          | 0/? [00:00<?, ?it/s]Predicting: |          | 0/? [00:00<?, ?it/s]Predicting DataLoader 0:   0%|          | 0/1 [00:00<?, ?it/s]<hq-work>/venv/lib/python3.12/site-packages/torch/nn/modules/module.py:1794: RuntimeWarning: Triangle multiplication kernels are unavailable; falling back to the PyTorch implementation. Kernel error: No module named 'cuequivariance_torch'
  return forward_call(*args, **kwargs)
<hq-work>/venv/lib/python3.12/site-packages/torch/nn/modules/module.py:1794: RuntimeWarning: Triangle attention kernels are unavailable; falling back to the PyTorch implementation. Kernel error: No module named 'cuequivariance_torch'
  return forward_call(*args, **kwargs)
Predicting DataLoader 0: 100%|██████████| 1/1 [00:18<00:00,  0.05it/s]Number of failed examples: 0
Predicting DataLoader 0: 100%|██████████| 1/1 [00:18<00:00,  0.05it/s]
{"input": "<repo>/experiments/xpu-fork/targets_pinned/sod1.yaml", "accelerator": "gpu", "precision": "fp32", "seed": 3, "status": "ok", "wall_s": 64.19, "peak_mem_gib": 3.033, "device_name": "NVIDIA GeForce RTX 3060", "torch": "2.14.0+cu130"}
